
> othello@1.0.0 pretest
> npm run checkall


> othello@1.0.0 checkall
> node scripts/run-all-checks.js


=== running: node scripts/check-window-usage.js ===
[STATIC-CHECK] No forbidden window usage found.

=== running: node scripts/test-shim-forwarding.js ===
calls.length= 1 last= { testKey: 'value' }

All checks passed.

> othello@1.0.0 test
> npm run test:jest


> othello@1.0.0 test:jest
> jest --runInBand

バッチ ジョブを終了しますか (Y/N)? 
